Using launch settings from C:\Users\sudip\source\repos\TrueCounsel\src\TrueCounsel.API\Properties\launchSettings.json...
Building...
info: Microsoft.Hosting.Lifetime[14]
      Now listening on: http://localhost:5186
info: Microsoft.Hosting.Lifetime[0]
      Application started. Press Ctrl+C to shut down.
info: Microsoft.Hosting.Lifetime[0]
      Hosting environment: Development
info: Microsoft.Hosting.Lifetime[0]
      Content root path: C:\Users\sudip\source\repos\TrueCounsel\src\TrueCounsel.API
warn: Microsoft.AspNetCore.HttpsPolicy.HttpsRedirectionMiddleware[3]
      Failed to determine the https port for redirect.
fail: TrueCounsel.API.Middlewares.ProblemDetailsExceptionMiddleware[0]
      An unhandled exception occurred.
      System.Text.Json.JsonReaderException: The maximum configured depth of 64 has been exceeded. Cannot read next JSON object. LineNumber: 0 | BytePositionInLine: 663046.
         at System.Text.Json.ThrowHelper.ThrowJsonReaderException(Utf8JsonReader& json, ExceptionResource resource, Byte nextByte, ReadOnlySpan`1 bytes)
         at System.Text.Json.Utf8JsonReader.StartObject()
         at System.Text.Json.Utf8JsonReader.ConsumeValue(Byte marker)
         at System.Text.Json.Utf8JsonReader.ReadSingleSegment()
         at System.Text.Json.Utf8JsonReader.Read()
         at System.Text.Json.JsonDocument.Parse(ReadOnlySpan`1 utf8JsonSpan, JsonReaderOptions readerOptions, MetadataDb& database, StackRowStack& stack)
         at System.Text.Json.JsonDocument.ParseUnrented(ReadOnlyMemory`1 utf8Json, JsonReaderOptions readerOptions, JsonTokenType tokenType)
         at System.Text.Json.JsonDocument.ParseValue(ReadOnlyMemory`1 json, JsonDocumentOptions options)
         at System.Text.Json.Nodes.JsonNode.Parse(String json, Nullable`1 nodeOptions, JsonDocumentOptions documentOptions)
         at Microsoft.AspNetCore.OpenApi.OpenApiSchemaService.ResolveRelativeReferences(JsonNode node, JsonNode rootNode)
         at Microsoft.AspNetCore.OpenApi.OpenApiSchemaService.ResolveRelativeReferences(JsonNode node, JsonNode rootNode)
         at Microsoft.AspNetCore.OpenApi.OpenApiSchemaService.ResolveRelativeReferences(JsonNode node, JsonNode rootNode)
         at Microsoft.AspNetCore.OpenApi.OpenApiSchemaService.ResolveRelativeReferences(JsonNode node, JsonNode rootNode)
         at Microsoft.AspNetCore.OpenApi.OpenApiSchemaService.ResolveRelativeReferences(JsonNode node, JsonNode rootNode)
         at Microsoft.AspNetCore.OpenApi.OpenApiSchemaService.ResolveRelativeReferences(JsonNode node, JsonNode rootNode)
         at Microsoft.AspNetCore.OpenApi.OpenApiSchemaService.CreateSchema(OpenApiSchemaKey key)
         at System.Collections.Concurrent.ConcurrentDictionary`2.GetOrAdd(TKey key, Func`2 valueFactory)
         at Microsoft.AspNetCore.OpenApi.OpenApiSchemaStore.GetOrAdd(OpenApiSchemaKey key, Func`2 valueFactory)
         at Microsoft.AspNetCore.OpenApi.OpenApiSchemaService.GetOrCreateSchemaAsync(Type type, IServiceProvider scopedServiceProvider, IOpenApiSchemaTransformer[] schemaTransformers, ApiParameterDescription parameterDescription, Boolean captureSchemaByRef, CancellationToken cancellationToken)
         at Microsoft.AspNetCore.OpenApi.OpenApiDocumentService.GetResponseAsync(ApiDescription apiDescription, Int32 statusCode, ApiResponseType apiResponseType, IServiceProvider scopedServiceProvider, IOpenApiSchemaTransformer[] schemaTransformers, CancellationToken cancellationToken)
         at Microsoft.AspNetCore.OpenApi.OpenApiDocumentService.GetResponsesAsync(ApiDescription description, IServiceProvider scopedServiceProvider, IOpenApiSchemaTransformer[] schemaTransformers, CancellationToken cancellationToken)
         at Microsoft.AspNetCore.OpenApi.OpenApiDocumentService.GetOperationAsync(ApiDescription description, HashSet`1 capturedTags, IServiceProvider scopedServiceProvider, IOpenApiSchemaTransformer[] schemaTransformers, CancellationToken cancellationToken)
         at Microsoft.AspNetCore.OpenApi.OpenApiDocumentService.GetOperationsAsync(IGrouping`2 descriptions, HashSet`1 capturedTags, IServiceProvider scopedServiceProvider, IOpenApiOperationTransformer[] operationTransformers, IOpenApiSchemaTransformer[] schemaTransformers, CancellationToken cancellationToken)
         at Microsoft.AspNetCore.OpenApi.OpenApiDocumentService.GetOpenApiPathsAsync(HashSet`1 capturedTags, IServiceProvider scopedServiceProvider, IOpenApiOperationTransformer[] operationTransformers, IOpenApiSchemaTransformer[] schemaTransformers, CancellationToken cancellationToken)
         at Microsoft.AspNetCore.OpenApi.OpenApiDocumentService.GetOpenApiDocumentAsync(IServiceProvider scopedServiceProvider, HttpRequest httpRequest, CancellationToken cancellationToken)
         at Microsoft.AspNetCore.Builder.OpenApiEndpointRouteBuilderExtensions.<>c__DisplayClass0_0.<<MapOpenApi>b__0>d.MoveNext()
      --- End of stack trace from previous location ---
         at Microsoft.AspNetCore.Http.Generated.<GeneratedRouteBuilderExtensions_g>F56B68D2B55B5B7B373BA2E4796D897848BC0F04A969B1AF6260183E8B9E0BAF2__GeneratedRouteBuilderExtensionsCore.<>c__DisplayClass2_0.<<MapGet0>g__RequestHandler|5>d.MoveNext()
      --- End of stack trace from previous location ---
         at Microsoft.AspNetCore.Authorization.AuthorizationMiddleware.Invoke(HttpContext context)
         at Microsoft.AspNetCore.Authentication.AuthenticationMiddleware.Invoke(HttpContext context)
         at TrueCounsel.API.Middlewares.ProblemDetailsExceptionMiddleware.InvokeAsync(HttpContext context) in C:\Users\sudip\source\repos\TrueCounsel\src\TrueCounsel.API\Middlewares\ProblemDetailsExceptionMiddleware.cs:line 26
info: Microsoft.Hosting.Lifetime[0]
